Copyright 1986-2022 Xilinx, Inc. All Rights Reserved. Copyright 2022-2025 Advanced Micro Devices, Inc. All Rights Reserved.
---------------------------------------------------------------------------------------------------------------------------------------------------------------------------------
| Tool Version : Vivado v.2025.2 (lin64) Build 6299465 Fri Nov 14 12:34:56 MST 2025
| Date         : Thu Dec 18 21:07:48 2025
| Host         : murtyms-Z270X-Gaming-7 running 64-bit Ubuntu 22.04.5 LTS
| Command      : report_bus_skew -warn_on_violation -file HARRIS_RADAR_TOP_bus_skew_routed.rpt -pb HARRIS_RADAR_TOP_bus_skew_routed.pb -rpx HARRIS_RADAR_TOP_bus_skew_routed.rpx
| Design       : HARRIS_RADAR_TOP
| Device       : 7a200t-ffg1156
| Speed File   : -1  PRODUCTION 1.23 2018-06-13
| Design State : Routed
---------------------------------------------------------------------------------------------------------------------------------------------------------------------------------

Bus Skew Report

No bus skew constraints

